// Jest Snapshot v1, https://goo.gl/fbAQLP

exports[`SearchPage Component Displays the SearchPage component correctly when rendered 1`] = `
<BrowserRouter>
  <Router
    history={
      Object {
        "action": "POP",
        "block": [Function],
        "createHref": [Function],
        "go": [Function],
        "goBack": [Function],
        "goForward": [Function],
        "length": 1,
        "listen": [Function],
        "location": Object {
          "hash": "",
          "pathname": "/",
          "search": "",
          "state": undefined,
        },
        "push": [Function],
        "replace": [Function],
      }
    }
  >
    <SearchPage>
      <section>
        <form
          onSubmit={[Function]}
        >
          <fieldset>
            <label
              htmlFor="search"
            >
              Search For A Movie:
            </label>
            <input
              id="search"
              name="search"
              onChange={[Function]}
              type="text"
            />
          </fieldset>
        </form>
        <ul />
      </section>
    </SearchPage>
  </Router>
</BrowserRouter>
`;
